Running command: 'nix develop external_rust_packages/rust-cargo-workspaces-glob-binary --command bash -c 'cargo clippy --all-targets -- -D warnings''
Logging output to: 'logs/command_output_20250919_215305.log'
---------------------------------------------------
error: cannot find flake 'flake:external_rust_packages/rust-cargo-workspaces-glob-binary' in the flake registries
---------------------------------------------------
Command finished with exit code: 1
Running command: 'nix develop external_rust_packages/rust-cargo-workspaces-glob-binary --command bash -c 'cargo test''
Logging output to: 'logs/command_output_20250919_215305.log'
---------------------------------------------------
error: cannot find flake 'flake:external_rust_packages/rust-cargo-workspaces-glob-binary' in the flake registries
---------------------------------------------------
Command finished with exit code: 1
Running command: 'nix develop external_rust_packages/rust-cargo-workspaces-glob-library --command bash -c 'cargo clippy --all-targets -- -D warnings''
Logging output to: 'logs/command_output_20250919_215305.log'
---------------------------------------------------
error: cannot find flake 'flake:external_rust_packages/rust-cargo-workspaces-glob-library' in the flake registries
---------------------------------------------------
Command finished with exit code: 1
Running command: 'nix develop external_rust_packages/rust-cargo-workspaces-glob-library --command bash -c 'cargo test''
Logging output to: 'logs/command_output_20250919_215305.log'
---------------------------------------------------
error: cannot find flake 'flake:external_rust_packages/rust-cargo-workspaces-glob-library' in the flake registries
---------------------------------------------------
Command finished with exit code: 1
