Running command: 'nix develop ./external_rust_packages#rust-cargo-workspaces-library --command bash -c 'cargo test''
Logging output to: 'logs/command_output_20250919_220047.log'
---------------------------------------------------
warning: Git tree '/data/data/com.termux.nix/files/home/pick-up-nix2/vendor/nix/nil' is dirty
error:
       … while updating the lock file of flake 'git+file:///data/data/com.termux.nix/files/home/pick-up-nix2/vendor/nix/nil?dir=external_rust_packages'

       … while updating the flake input 'nixpacks'

       error: attribute 'packages' already defined at /nix/store/fmdcp78cfrb76rdaw9yhi02zsa7jcdcf-source/flake.nix:53:32

       at /nix/store/fmdcp78cfrb76rdaw9yhi02zsa7jcdcf-source/flake.nix:54:11:

           53|           inherit (nilDevShell) packages;
           54|           packages = nilDevShell.packages ++ (with pkgs; [
             |           ^
           55|             # Add any additional development tools specific to nixpacks here
---------------------------------------------------
Command finished with exit code: 1
Running command: 'nix develop ./external_rust_packages#rust-custom-toolchain --command bash -c 'cargo clippy --all-targets -- -D warnings''
Logging output to: 'logs/command_output_20250919_220047.log'
---------------------------------------------------
warning: Git tree '/data/data/com.termux.nix/files/home/pick-up-nix2/vendor/nix/nil' is dirty
error:
       … while updating the lock file of flake 'git+file:///data/data/com.termux.nix/files/home/pick-up-nix2/vendor/nix/nil?dir=external_rust_packages'

       … while updating the flake input 'nixpacks'

       error: attribute 'packages' already defined at /nix/store/fmdcp78cfrb76rdaw9yhi02zsa7jcdcf-source/flake.nix:53:32

       at /nix/store/fmdcp78cfrb76rdaw9yhi02zsa7jcdcf-source/flake.nix:54:11:

           53|           inherit (nilDevShell) packages;
           54|           packages = nilDevShell.packages ++ (with pkgs; [
             |           ^
           55|             # Add any additional development tools specific to nixpacks here
---------------------------------------------------
Command finished with exit code: 1
