Running command: 'nix develop external_rust_packages/rust-cargo-workspaces-library --command bash -c 'cargo clippy --all-targets -- -D warnings''
Logging output to: 'logs/command_output_20250919_215306.log'
---------------------------------------------------
error: cannot find flake 'flake:external_rust_packages/rust-cargo-workspaces-library' in the flake registries
---------------------------------------------------
Command finished with exit code: 1
Running command: 'nix develop external_rust_packages/rust-cargo-workspaces-library --command bash -c 'cargo test''
Logging output to: 'logs/command_output_20250919_215306.log'
---------------------------------------------------
error: cannot find flake 'flake:external_rust_packages/rust-cargo-workspaces-library' in the flake registries
---------------------------------------------------
Command finished with exit code: 1
Running command: 'nix develop external_rust_packages/rust-custom-toolchain --command bash -c 'cargo clippy --all-targets -- -D warnings''
Logging output to: 'logs/command_output_20250919_215306.log'
---------------------------------------------------
error: cannot find flake 'flake:external_rust_packages/rust-custom-toolchain' in the flake registries
---------------------------------------------------
Command finished with exit code: 1
Running command: 'nix develop external_rust_packages/rust-custom-toolchain --command bash -c 'cargo test''
Logging output to: 'logs/command_output_20250919_215306.log'
---------------------------------------------------
error: cannot find flake 'flake:external_rust_packages/rust-custom-toolchain' in the flake registries
---------------------------------------------------
Command finished with exit code: 1
Running command: 'nix develop external_rust_packages/rust-custom-version --command bash -c 'cargo clippy --all-targets -- -D warnings''
Logging output to: 'logs/command_output_20250919_215306.log'
---------------------------------------------------
error: cannot find flake 'flake:external_rust_packages/rust-custom-version' in the flake registries
---------------------------------------------------
Command finished with exit code: 1
